[t=1100ms] robot_01->robot_02 proto=ROS2 status=RX delay=- desc="Packet received"
[t=1100ms] robot_01->robot_02 proto=ROS2 status=TX delay=68ms desc="Packet forwarded"
[t=1000ms] EVENT=PARTITION_START node_a=robot_01 node_b=robot_02
[t=1100ms] robot_01->robot_02 proto=ROS2 status=RX delay=- desc="Packet received"
[t=1100ms] robot_01->robot_02 proto=ROS2 status=DROP delay=- desc="Link unavailable"
[t=2000ms] EVENT=PARTITION_END node_a=robot_01 node_b=robot_02
[t=1000ms] EVENT=JAM_START node_a=robot_01 node_b=robot_02
[t=1100ms] robot_01->robot_02 proto=ROS2 status=RX delay=- desc="Packet received"
[t=1100ms] robot_01->robot_02 proto=ROS2 status=DROP delay=- desc="Link unavailable"
[t=2000ms] EVENT=JAM_END node_a=robot_01 node_b=robot_02
[t=2100ms] EVENT=RECOVERY_COMPLETE node_a=robot_01 node_b=robot_02
[t=1100ms] robot_01->robot_02 proto=ROS2 status=RX delay=- desc="Packet received"
[t=1100ms] robot_01->robot_02 proto=ROS2 status=TX delay=68ms desc="Packet forwarded"
[t=2100ms] robot_01->robot_02 proto=ROS2 status=RX delay=- desc="Packet received"
[t=2100ms] robot_01->robot_02 proto=ROS2 status=TX delay=58ms desc="Packet forwarded"
[t=3100ms] robot_01->robot_02 proto=ROS2 status=RX delay=- desc="Packet received"
[t=3100ms] robot_01->robot_02 proto=ROS2 status=TX delay=212ms desc="Packet forwarded"
[t=4100ms] robot_01->robot_02 proto=ROS2 status=RX delay=- desc="Packet received"
[t=4100ms] robot_01->robot_02 proto=ROS2 status=TX delay=205ms desc="Packet forwarded"
[t=5100ms] robot_01->robot_02 proto=ROS2 status=RX delay=- desc="Packet received"
[t=5100ms] robot_01->robot_02 proto=ROS2 status=TX delay=55ms desc="Packet forwarded"
[t=6100ms] robot_01->robot_02 proto=ROS2 status=RX delay=- desc="Packet received"
[t=6100ms] robot_01->robot_02 proto=ROS2 status=TX delay=56ms desc="Packet forwarded"
[t=7100ms] robot_01->robot_02 proto=ROS2 status=RX delay=- desc="Packet received"
[t=7100ms] robot_01->robot_02 proto=ROS2 status=TX delay=117ms desc="Packet forwarded"
[t=8100ms] robot_01->robot_02 proto=ROS2 status=RX delay=- desc="Packet received"
[t=8100ms] robot_01->robot_02 proto=ROS2 status=TX delay=71ms desc="Packet forwarded"
[t=9100ms] robot_01->robot_02 proto=ROS2 status=RX delay=- desc="Packet received"
[t=9100ms] robot_01->robot_02 proto=ROS2 status=TX delay=67ms desc="Packet forwarded"
[t=10100ms] robot_01->robot_02 proto=ROS2 status=RX delay=- desc="Packet received"
[t=10100ms] robot_01->robot_02 proto=ROS2 status=TX delay=56ms desc="Packet forwarded"
[t=11000ms] EVENT=PARTITION_START node_a=robot_01 node_b=robot_02
[t=11100ms] robot_01->robot_02 proto=ROS2 status=RX delay=- desc="Packet received"
[t=11100ms] robot_01->robot_02 proto=ROS2 status=DROP delay=- desc="Link unavailable"
[t=12000ms] EVENT=PARTITION_END node_a=robot_01 node_b=robot_02
[t=12000ms] EVENT=PARTITION_START node_a=robot_01 node_b=robot_02
[t=12100ms] EVENT=PARTITION_END node_a=robot_01 node_b=robot_02
[t=12200ms] EVENT=RECOVERY_COMPLETE node_a=robot_01 node_b=robot_02
[t=12100ms] robot_01->robot_02 proto=ROS2 status=RX delay=- desc="Packet received"
[t=12100ms] robot_01->robot_02 proto=ROS2 status=TX delay=56ms desc="Packet forwarded"
[t=13100ms] robot_01->robot_02 proto=ROS2 status=RX delay=- desc="Packet received"
[t=13100ms] robot_01->robot_02 proto=ROS2 status=TX delay=63ms desc="Packet forwarded"
[t=14000ms] EVENT=JAM_START node_a=robot_01 node_b=robot_02
[t=14100ms] robot_01->robot_02 proto=ROS2 status=RX delay=- desc="Packet received"
[t=14100ms] robot_01->robot_02 proto=ROS2 status=DROP delay=- desc="Link unavailable"
[t=15000ms] EVENT=JAM_END node_a=robot_01 node_b=robot_02
[t=15100ms] EVENT=RECOVERY_COMPLETE node_a=robot_01 node_b=robot_02
[t=1100ms] robot_01->robot_02 proto=ROS2 status=RX delay=- desc="Packet received"
[t=1100ms] robot_01->robot_02 proto=ROS2 status=TX delay=218ms desc="Packet forwarded"
[t=2100ms] robot_01->robot_02 proto=ROS2 status=RX delay=- desc="Packet received"
[t=2100ms] robot_01->robot_02 proto=ROS2 status=TX delay=208ms desc="Packet forwarded"
[t=3100ms] robot_01->robot_02 proto=ROS2 status=RX delay=- desc="Packet received"
[t=3100ms] robot_01->robot_02 proto=ROS2 status=TX delay=212ms desc="Packet forwarded"
[t=4100ms] robot_01->robot_02 proto=ROS2 status=RX delay=- desc="Packet received"
[t=4100ms] robot_01->robot_02 proto=ROS2 status=TX delay=205ms desc="Packet forwarded"
[t=5100ms] robot_01->robot_02 proto=ROS2 status=RX delay=- desc="Packet received"
[t=5100ms] robot_01->robot_02 proto=ROS2 status=TX delay=205ms desc="Packet forwarded"
[t=1100ms] robot_01->robot_02 proto=ROS2 status=RX delay=- desc="Packet received"
[t=1100ms] robot_01->robot_02 proto=ROS2 status=TX delay=218ms desc="Packet forwarded"
[t=2100ms] robot_01->robot_02 proto=ROS2 status=RX delay=- desc="Packet received"
[t=2100ms] robot_01->robot_02 proto=ROS2 status=TX delay=208ms desc="Packet forwarded"
[t=3100ms] robot_01->robot_02 proto=ROS2 status=RX delay=- desc="Packet received"
[t=3100ms] robot_01->robot_02 proto=ROS2 status=TX delay=212ms desc="Packet forwarded"
[t=4100ms] robot_01->robot_02 proto=ROS2 status=RX delay=- desc="Packet received"
[t=4100ms] robot_01->robot_02 proto=ROS2 status=TX delay=205ms desc="Packet forwarded"
[t=5100ms] robot_01->robot_02 proto=ROS2 status=RX delay=- desc="Packet received"
[t=5100ms] robot_01->robot_02 proto=ROS2 status=TX delay=205ms desc="Packet forwarded"
[t=1100ms] robot_01->robot_02 proto=ROS2 status=RX delay=- desc="Packet received"
[t=1100ms] robot_01->robot_02 proto=ROS2 status=TX delay=1235ms desc="Packet forwarded"
[t=2100ms] robot_01->robot_02 proto=ROS2 status=RX delay=- desc="Packet received"
[t=2100ms] robot_01->robot_02 proto=ROS2 status=TX delay=1212ms desc="Packet forwarded"
[t=3100ms] robot_01->robot_02 proto=ROS2 status=RX delay=- desc="Packet received"
[t=3100ms] robot_01->robot_02 proto=ROS2 status=DROP delay=0ms desc="Packet dropped by network model"
[t=4100ms] robot_01->robot_02 proto=ROS2 status=RX delay=- desc="Packet received"
[t=4100ms] robot_01->robot_02 proto=ROS2 status=TX delay=1240ms desc="Packet forwarded"
[t=5100ms] robot_01->robot_02 proto=ROS2 status=RX delay=- desc="Packet received"
[t=5100ms] robot_01->robot_02 proto=ROS2 status=TX delay=1226ms desc="Packet forwarded"
[t=1100ms] robot_01->robot_02 proto=ROS2 status=RX delay=- desc="Packet received"
[t=1100ms] robot_01->robot_02 proto=ROS2 status=TX delay=1235ms desc="Packet forwarded"
[t=2100ms] robot_01->robot_02 proto=ROS2 status=RX delay=- desc="Packet received"
[t=2100ms] robot_01->robot_02 proto=ROS2 status=TX delay=1212ms desc="Packet forwarded"
[t=3100ms] robot_01->robot_02 proto=ROS2 status=RX delay=- desc="Packet received"
[t=3100ms] robot_01->robot_02 proto=ROS2 status=DROP delay=0ms desc="Packet dropped by network model"
[t=4100ms] robot_01->robot_02 proto=ROS2 status=RX delay=- desc="Packet received"
[t=4100ms] robot_01->robot_02 proto=ROS2 status=TX delay=1240ms desc="Packet forwarded"
[t=5100ms] robot_01->robot_02 proto=ROS2 status=RX delay=- desc="Packet received"
[t=5100ms] robot_01->robot_02 proto=ROS2 status=TX delay=1226ms desc="Packet forwarded"
[t=1100ms] robot_01->robot_02 proto=ROS2 status=RX delay=- desc="Packet received"
[t=1100ms] robot_01->robot_02 proto=ROS2 status=TX delay=218ms desc="Packet forwarded"
[t=2100ms] robot_01->robot_02 proto=ROS2 status=RX delay=- desc="Packet received"
[t=2100ms] robot_01->robot_02 proto=ROS2 status=TX delay=208ms desc="Packet forwarded"
[t=3100ms] robot_01->robot_02 proto=ROS2 status=RX delay=- desc="Packet received"
[t=3100ms] robot_01->robot_02 proto=ROS2 status=TX delay=212ms desc="Packet forwarded"
[t=4100ms] robot_01->robot_02 proto=ROS2 status=RX delay=- desc="Packet received"
[t=4100ms] robot_01->robot_02 proto=ROS2 status=TX delay=205ms desc="Packet forwarded"
[t=5100ms] robot_01->robot_02 proto=ROS2 status=RX delay=- desc="Packet received"
[t=5100ms] robot_01->robot_02 proto=ROS2 status=TX delay=205ms desc="Packet forwarded"
[t=1100ms] robot_01->robot_02 proto=ROS2 status=RX delay=- desc="Packet received"
[t=1100ms] robot_01->robot_02 proto=ROS2 status=TX delay=218ms desc="Packet forwarded"
[t=2100ms] robot_01->robot_02 proto=ROS2 status=RX delay=- desc="Packet received"
[t=2100ms] robot_01->robot_02 proto=ROS2 status=TX delay=208ms desc="Packet forwarded"
[t=3100ms] robot_01->robot_02 proto=ROS2 status=RX delay=- desc="Packet received"
[t=3100ms] robot_01->robot_02 proto=ROS2 status=TX delay=212ms desc="Packet forwarded"
[t=4100ms] robot_01->robot_02 proto=ROS2 status=RX delay=- desc="Packet received"
[t=4100ms] robot_01->robot_02 proto=ROS2 status=TX delay=205ms desc="Packet forwarded"
[t=5100ms] robot_01->robot_02 proto=ROS2 status=RX delay=- desc="Packet received"
[t=5100ms] robot_01->robot_02 proto=ROS2 status=TX delay=205ms desc="Packet forwarded"
[t=1100ms] robot_01->robot_02 proto=ROS2 status=RX delay=- desc="Packet received"
[t=1100ms] robot_01->robot_02 proto=ROS2 status=TX delay=218ms desc="Packet forwarded"
[t=2100ms] robot_01->robot_02 proto=ROS2 status=RX delay=- desc="Packet received"
[t=2100ms] robot_01->robot_02 proto=ROS2 status=TX delay=208ms desc="Packet forwarded"
[t=3100ms] robot_01->robot_02 proto=ROS2 status=RX delay=- desc="Packet received"
[t=3100ms] robot_01->robot_02 proto=ROS2 status=TX delay=212ms desc="Packet forwarded"
[t=4100ms] robot_01->robot_02 proto=ROS2 status=RX delay=- desc="Packet received"
[t=4100ms] robot_01->robot_02 proto=ROS2 status=TX delay=205ms desc="Packet forwarded"
[t=5100ms] robot_01->robot_02 proto=ROS2 status=RX delay=- desc="Packet received"
[t=5100ms] robot_01->robot_02 proto=ROS2 status=TX delay=205ms desc="Packet forwarded"
[t=1100ms] robot_01->robot_02 proto=ROS2 status=RX delay=- desc="Packet received"
[t=1100ms] robot_01->robot_02 proto=ROS2 status=TX delay=68ms desc="Packet forwarded"
[t=1000ms] EVENT=PARTITION_START node_a=robot_01 node_b=robot_02
[t=1100ms] robot_01->robot_02 proto=ROS2 status=RX delay=- desc="Packet received"
[t=1100ms] robot_01->robot_02 proto=ROS2 status=DROP delay=- desc="Link unavailable"
[t=2000ms] EVENT=PARTITION_END node_a=robot_01 node_b=robot_02
[t=1000ms] EVENT=JAM_START node_a=robot_01 node_b=robot_02
[t=1100ms] robot_01->robot_02 proto=ROS2 status=RX delay=- desc="Packet received"
[t=1100ms] robot_01->robot_02 proto=ROS2 status=DROP delay=- desc="Link unavailable"
[t=2000ms] EVENT=JAM_END node_a=robot_01 node_b=robot_02
[t=2100ms] EVENT=RECOVERY_COMPLETE node_a=robot_01 node_b=robot_02
[t=1000ms] EVENT=PARTITION_START node_a=robot_01 node_b=robot_02
[t=1100ms] EVENT=PARTITION_END node_a=robot_01 node_b=robot_02
[t=1200ms] EVENT=RECOVERY_COMPLETE node_a=robot_01 node_b=robot_02
[t=1100ms] robot_01->robot_02 proto=ROS2 status=RX delay=- desc="Packet received"
[t=1100ms] robot_01->robot_02 proto=ROS2 status=TX delay=68ms desc="Packet forwarded"
[t=2100ms] robot_01->robot_02 proto=ROS2 status=RX delay=- desc="Packet received"
[t=2100ms] robot_01->robot_02 proto=ROS2 status=TX delay=58ms desc="Packet forwarded"
[t=3100ms] robot_01->robot_02 proto=ROS2 status=RX delay=- desc="Packet received"
[t=3100ms] robot_01->robot_02 proto=ROS2 status=TX delay=62ms desc="Packet forwarded"
[t=4100ms] robot_01->robot_02 proto=ROS2 status=RX delay=- desc="Packet received"
[t=4100ms] robot_01->robot_02 proto=ROS2 status=TX delay=55ms desc="Packet forwarded"
[t=5100ms] robot_01->robot_02 proto=ROS2 status=RX delay=- desc="Packet received"
[t=5100ms] robot_01->robot_02 proto=ROS2 status=TX delay=55ms desc="Packet forwarded"
[t=1000ms] EVENT=JAM_START node_a=robot_01 node_b=robot_02
[t=1100ms] robot_01->robot_02 proto=ROS2 status=RX delay=- desc="Packet received"
[t=1100ms] robot_01->robot_02 proto=ROS2 status=DROP delay=- desc="Link unavailable"
[t=2000ms] EVENT=JAM_END node_a=robot_01 node_b=robot_02
[t=2100ms] EVENT=RECOVERY_COMPLETE node_a=robot_01 node_b=robot_02
[t=1100ms] robot_01->robot_02 proto=ROS2 status=RX delay=- desc="Packet received"
[t=1100ms] robot_01->robot_02 proto=ROS2 status=TX delay=68ms desc="Packet forwarded"
[t=2100ms] robot_01->robot_02 proto=ROS2 status=RX delay=- desc="Packet received"
[t=2100ms] robot_01->robot_02 proto=ROS2 status=TX delay=58ms desc="Packet forwarded"
[t=3100ms] robot_01->robot_02 proto=ROS2 status=RX delay=- desc="Packet received"
[t=3100ms] robot_01->robot_02 proto=ROS2 status=TX delay=212ms desc="Packet forwarded"
[t=4100ms] robot_01->robot_02 proto=ROS2 status=RX delay=- desc="Packet received"
[t=4100ms] robot_01->robot_02 proto=ROS2 status=TX delay=205ms desc="Packet forwarded"
[t=5100ms] robot_01->robot_02 proto=ROS2 status=RX delay=- desc="Packet received"
[t=5100ms] robot_01->robot_02 proto=ROS2 status=TX delay=55ms desc="Packet forwarded"
[t=6100ms] robot_01->robot_02 proto=ROS2 status=RX delay=- desc="Packet received"
[t=6100ms] robot_01->robot_02 proto=ROS2 status=TX delay=56ms desc="Packet forwarded"
[t=7100ms] robot_01->robot_02 proto=ROS2 status=RX delay=- desc="Packet received"
[t=7100ms] robot_01->robot_02 proto=ROS2 status=TX delay=117ms desc="Packet forwarded"
[t=8100ms] robot_01->robot_02 proto=ROS2 status=RX delay=- desc="Packet received"
[t=8100ms] robot_01->robot_02 proto=ROS2 status=TX delay=71ms desc="Packet forwarded"
[t=9100ms] robot_01->robot_02 proto=ROS2 status=RX delay=- desc="Packet received"
[t=9100ms] robot_01->robot_02 proto=ROS2 status=TX delay=67ms desc="Packet forwarded"
[t=10100ms] robot_01->robot_02 proto=ROS2 status=RX delay=- desc="Packet received"
[t=10100ms] robot_01->robot_02 proto=ROS2 status=TX delay=56ms desc="Packet forwarded"
[t=11000ms] EVENT=PARTITION_START node_a=robot_01 node_b=robot_02
[t=11100ms] robot_01->robot_02 proto=ROS2 status=RX delay=- desc="Packet received"
[t=11100ms] robot_01->robot_02 proto=ROS2 status=DROP delay=- desc="Link unavailable"
[t=12000ms] EVENT=PARTITION_END node_a=robot_01 node_b=robot_02
[t=12000ms] EVENT=PARTITION_START node_a=robot_01 node_b=robot_02
[t=12100ms] EVENT=PARTITION_END node_a=robot_01 node_b=robot_02
[t=12200ms] EVENT=RECOVERY_COMPLETE node_a=robot_01 node_b=robot_02
[t=12100ms] robot_01->robot_02 proto=ROS2 status=RX delay=- desc="Packet received"
[t=12100ms] robot_01->robot_02 proto=ROS2 status=TX delay=56ms desc="Packet forwarded"
[t=13100ms] robot_01->robot_02 proto=ROS2 status=RX delay=- desc="Packet received"
[t=13100ms] robot_01->robot_02 proto=ROS2 status=TX delay=63ms desc="Packet forwarded"
[t=14000ms] EVENT=JAM_START node_a=robot_01 node_b=robot_02
[t=14100ms] robot_01->robot_02 proto=ROS2 status=RX delay=- desc="Packet received"
[t=14100ms] robot_01->robot_02 proto=ROS2 status=DROP delay=- desc="Link unavailable"
[t=15000ms] EVENT=JAM_END node_a=robot_01 node_b=robot_02
[t=15100ms] EVENT=RECOVERY_COMPLETE node_a=robot_01 node_b=robot_02
